2026-04-25 14:20:00,440 - aqt.main - INFO - installer 1264 aqtinstall(aqt) v3.3.0 on Python 3.14.3 [CPython MSC v.1944 64 bit (AMD64)]
2026-04-25 14:20:00,441 - aqt.helper - DEBUG - helper 1264 Attempt to download checksum at https://download.qt.io/online/qtsdkrepository/windows_x86/desktop/qt6_683/qt6_683/Updates.xml.sha256
2026-04-25 14:20:01,727 - aqt.helper - DEBUG - helper 1264 Attempt to download checksum at https://download.qt.io/online/qtsdkrepository/windows_x86/extensions/qtwebengine/683/msvc2022_64/Updates.xml.sha256
2026-04-25 14:20:03,027 - aqt.archives - INFO - archives 1264 Found extension qtwebengine
2026-04-25 14:20:03,029 - aqt.helper - DEBUG - helper 1264 Attempt to download checksum at https://download.qt.io/online/qtsdkrepository/windows_x86/extensions/qtpdf/683/msvc2022_64/Updates.xml.sha256
2026-04-25 14:20:04,234 - aqt.archives - INFO - archives 1264 Found extension qtpdf
2026-04-25 14:20:05,543 - aqt.helper - DEBUG - helper 11188 Attempt to download checksum at https://download.qt.io/online/qtsdkrepository/windows_x86/desktop/qt6_683/qt6_683/qt.qt6.683.addons.qtcharts.win64_msvc2022_64/6.8.3-0-202503201308qtcharts-Windows-Windows_11_23H2-MSVC2022-Windows-Windows_11_23H2-X86_64.7z.sha256
2026-04-25 14:20:05,552 - aqt.helper - DEBUG - helper 3248 Attempt to download checksum at https://download.qt.io/online/qtsdkrepository/windows_x86/desktop/qt6_683/qt6_683/qt.qt6.683.addons.qtserialport.win64_msvc2022_64/6.8.3-0-202503201308qtserialport-Windows-Windows_11_23H2-MSVC2022-Windows-Windows_11_23H2-X86_64.7z.sha256
2026-04-25 14:20:05,552 - aqt.helper - DEBUG - helper 9076 Attempt to download checksum at https://download.qt.io/online/qtsdkrepository/windows_x86/desktop/qt6_683/qt6_683/qt.qt6.683.win64_msvc2022_64/6.8.3-0-202503201308qtbase-Windows-Windows_11_23H2-MSVC2022-Windows-Windows_11_23H2-X86_64.7z.sha256
2026-04-25 14:20:05,563 - aqt.helper - DEBUG - helper 10472 Attempt to download checksum at https://download.qt.io/online/qtsdkrepository/windows_x86/desktop/qt6_683/qt6_683/qt.qt6.683.win64_msvc2022_64/6.8.3-0-202503201308qtsvg-Windows-Windows_11_23H2-MSVC2022-Windows-Windows_11_23H2-X86_64.7z.sha256
2026-04-25 14:20:06,353 - aqt.helper - INFO - helper 11188 Downloading qtcharts...
2026-04-25 14:20:06,353 - aqt.installer - DEBUG - installer 11188 Download URL: https://download.qt.io/online/qtsdkrepository/windows_x86/desktop/qt6_683/qt6_683/qt.qt6.683.addons.qtcharts.win64_msvc2022_64/6.8.3-0-202503201308qtcharts-Windows-Windows_11_23H2-MSVC2022-Windows-Windows_11_23H2-X86_64.7z
2026-04-25 14:20:06,368 - aqt.helper - INFO - helper 3248 Downloading qtserialport...
2026-04-25 14:20:06,368 - aqt.helper - INFO - helper 10472 Downloading qtsvg...
2026-04-25 14:20:06,368 - aqt.installer - DEBUG - installer 3248 Download URL: https://download.qt.io/online/qtsdkrepository/windows_x86/desktop/qt6_683/qt6_683/qt.qt6.683.addons.qtserialport.win64_msvc2022_64/6.8.3-0-202503201308qtserialport-Windows-Windows_11_23H2-MSVC2022-Windows-Windows_11_23H2-X86_64.7z
2026-04-25 14:20:06,368 - aqt.installer - DEBUG - installer 10472 Download URL: https://download.qt.io/online/qtsdkrepository/windows_x86/desktop/qt6_683/qt6_683/qt.qt6.683.win64_msvc2022_64/6.8.3-0-202503201308qtsvg-Windows-Windows_11_23H2-MSVC2022-Windows-Windows_11_23H2-X86_64.7z
2026-04-25 14:20:06,374 - aqt.helper - INFO - helper 9076 Downloading qtbase...
2026-04-25 14:20:06,374 - aqt.installer - DEBUG - installer 9076 Download URL: https://download.qt.io/online/qtsdkrepository/windows_x86/desktop/qt6_683/qt6_683/qt.qt6.683.win64_msvc2022_64/6.8.3-0-202503201308qtbase-Windows-Windows_11_23H2-MSVC2022-Windows-Windows_11_23H2-X86_64.7z
2026-04-25 14:20:07,151 - aqt.helper - DEBUG - helper 3248 Asked to redirect(302) to: https://ftp.fau.de/qtproject/online/qtsdkrepository/windows_x86/desktop/qt6_683/qt6_683/qt.qt6.683.addons.qtserialport.win64_msvc2022_64/6.8.3-0-202503201308qtserialport-Windows-Windows_11_23H2-MSVC2022-Windows-Windows_11_23H2-X86_64.7z
2026-04-25 14:20:07,151 - aqt.helper - INFO - helper 3248 Redirected: ftp.fau.de
2026-04-25 14:20:07,161 - aqt.helper - DEBUG - helper 11188 Asked to redirect(302) to: https://ftp.fau.de/qtproject/online/qtsdkrepository/windows_x86/desktop/qt6_683/qt6_683/qt.qt6.683.addons.qtcharts.win64_msvc2022_64/6.8.3-0-202503201308qtcharts-Windows-Windows_11_23H2-MSVC2022-Windows-Windows_11_23H2-X86_64.7z
2026-04-25 14:20:07,161 - aqt.helper - INFO - helper 11188 Redirected: ftp.fau.de
2026-04-25 14:20:07,162 - aqt.helper - DEBUG - helper 9076 Asked to redirect(302) to: https://ftp.fau.de/qtproject/online/qtsdkrepository/windows_x86/desktop/qt6_683/qt6_683/qt.qt6.683.win64_msvc2022_64/6.8.3-0-202503201308qtbase-Windows-Windows_11_23H2-MSVC2022-Windows-Windows_11_23H2-X86_64.7z
2026-04-25 14:20:07,162 - aqt.helper - INFO - helper 9076 Redirected: ftp.fau.de
2026-04-25 14:20:07,176 - aqt.helper - DEBUG - helper 10472 Asked to redirect(302) to: https://ftp.fau.de/qtproject/online/qtsdkrepository/windows_x86/desktop/qt6_683/qt6_683/qt.qt6.683.win64_msvc2022_64/6.8.3-0-202503201308qtsvg-Windows-Windows_11_23H2-MSVC2022-Windows-Windows_11_23H2-X86_64.7z
2026-04-25 14:20:07,176 - aqt.helper - INFO - helper 10472 Redirected: ftp.fau.de
2026-04-25 14:20:07,989 - aqt.installer - INFO - installer 3248 Finished installation of qtserialport-Windows-Windows_11_23H2-MSVC2022-Windows-Windows_11_23H2-X86_64.7z in 2.44011580
2026-04-25 14:20:08,010 - aqt.helper - DEBUG - helper 3248 Attempt to download checksum at https://download.qt.io/online/qtsdkrepository/windows_x86/desktop/qt6_683/qt6_683/qt.qt6.683.win64_msvc2022_64/6.8.3-0-202503201308qtdeclarative-Windows-Windows_11_23H2-MSVC2022-Windows-Windows_11_23H2-X86_64.7z.sha256
2026-04-25 14:20:08,179 - aqt.installer - INFO - installer 10472 Finished installation of qtsvg-Windows-Windows_11_23H2-MSVC2022-Windows-Windows_11_23H2-X86_64.7z in 2.62030650
2026-04-25 14:20:08,200 - aqt.helper - DEBUG - helper 10472 Attempt to download checksum at https://download.qt.io/online/qtsdkrepository/windows_x86/desktop/qt6_683/qt6_683/qt.qt6.683.win64_msvc2022_64/6.8.3-0-202503201308qttools-Windows-Windows_11_23H2-MSVC2022-Windows-Windows_11_23H2-X86_64.7z.sha256
2026-04-25 14:20:08,834 - aqt.helper - INFO - helper 3248 Downloading qtdeclarative...
2026-04-25 14:20:08,834 - aqt.installer - DEBUG - installer 3248 Download URL: https://download.qt.io/online/qtsdkrepository/windows_x86/desktop/qt6_683/qt6_683/qt.qt6.683.win64_msvc2022_64/6.8.3-0-202503201308qtdeclarative-Windows-Windows_11_23H2-MSVC2022-Windows-Windows_11_23H2-X86_64.7z
2026-04-25 14:20:08,850 - aqt.installer - INFO - installer 11188 Finished installation of qtcharts-Windows-Windows_11_23H2-MSVC2022-Windows-Windows_11_23H2-X86_64.7z in 3.30970870
2026-04-25 14:20:08,868 - aqt.helper - DEBUG - helper 11188 Attempt to download checksum at https://download.qt.io/online/qtsdkrepository/windows_x86/desktop/qt6_683/qt6_683/qt.qt6.683.win64_msvc2022_64/6.8.3-0-202503201308qttranslations-Windows-Windows_11_23H2-MSVC2022-Windows-Windows_11_23H2-X86_64.7z.sha256
2026-04-25 14:20:09,005 - aqt.helper - INFO - helper 10472 Downloading qttools...
2026-04-25 14:20:09,005 - aqt.installer - DEBUG - installer 10472 Download URL: https://download.qt.io/online/qtsdkrepository/windows_x86/desktop/qt6_683/qt6_683/qt.qt6.683.win64_msvc2022_64/6.8.3-0-202503201308qttools-Windows-Windows_11_23H2-MSVC2022-Windows-Windows_11_23H2-X86_64.7z
2026-04-25 14:20:09,576 - aqt.helper - DEBUG - helper 3248 Asked to redirect(302) to: https://ftp.fau.de/qtproject/online/qtsdkrepository/windows_x86/desktop/qt6_683/qt6_683/qt.qt6.683.win64_msvc2022_64/6.8.3-0-202503201308qtdeclarative-Windows-Windows_11_23H2-MSVC2022-Windows-Windows_11_23H2-X86_64.7z
2026-04-25 14:20:09,576 - aqt.helper - INFO - helper 3248 Redirected: ftp.fau.de
2026-04-25 14:20:09,595 - aqt.helper - INFO - helper 11188 Downloading qttranslations...
2026-04-25 14:20:09,595 - aqt.installer - DEBUG - installer 11188 Download URL: https://download.qt.io/online/qtsdkrepository/windows_x86/desktop/qt6_683/qt6_683/qt.qt6.683.win64_msvc2022_64/6.8.3-0-202503201308qttranslations-Windows-Windows_11_23H2-MSVC2022-Windows-Windows_11_23H2-X86_64.7z
2026-04-25 14:20:09,744 - aqt.helper - DEBUG - helper 10472 Asked to redirect(302) to: https://ftp.fau.de/qtproject/online/qtsdkrepository/windows_x86/desktop/qt6_683/qt6_683/qt.qt6.683.win64_msvc2022_64/6.8.3-0-202503201308qttools-Windows-Windows_11_23H2-MSVC2022-Windows-Windows_11_23H2-X86_64.7z
2026-04-25 14:20:09,744 - aqt.helper - INFO - helper 10472 Redirected: ftp.fau.de
2026-04-25 14:20:10,361 - aqt.helper - DEBUG - helper 11188 Asked to redirect(302) to: https://ftp.fau.de/qtproject/online/qtsdkrepository/windows_x86/desktop/qt6_683/qt6_683/qt.qt6.683.win64_msvc2022_64/6.8.3-0-202503201308qttranslations-Windows-Windows_11_23H2-MSVC2022-Windows-Windows_11_23H2-X86_64.7z
2026-04-25 14:20:10,361 - aqt.helper - INFO - helper 11188 Redirected: ftp.fau.de
2026-04-25 14:20:12,287 - aqt.installer - INFO - installer 11188 Finished installation of qttranslations-Windows-Windows_11_23H2-MSVC2022-Windows-Windows_11_23H2-X86_64.7z in 3.42229090
2026-04-25 14:20:12,315 - aqt.helper - DEBUG - helper 11188 Attempt to download checksum at https://download.qt.io/online/qtsdkrepository/windows_x86/desktop/qt6_683/qt6_683/qt.qt6.683.win64_msvc2022_64/6.8.3-0-202503201308d3dcompiler_47-x64.7z.sha256
2026-04-25 14:20:13,233 - aqt.helper - INFO - helper 11188 Downloading d3dcompiler_47...
2026-04-25 14:20:13,234 - aqt.installer - DEBUG - installer 11188 Download URL: https://download.qt.io/online/qtsdkrepository/windows_x86/desktop/qt6_683/qt6_683/qt.qt6.683.win64_msvc2022_64/6.8.3-0-202503201308d3dcompiler_47-x64.7z
2026-04-25 14:20:13,984 - aqt.helper - DEBUG - helper 11188 Asked to redirect(302) to: https://ftp.fau.de/qtproject/online/qtsdkrepository/windows_x86/desktop/qt6_683/qt6_683/qt.qt6.683.win64_msvc2022_64/6.8.3-0-202503201308d3dcompiler_47-x64.7z
2026-04-25 14:20:13,984 - aqt.helper - INFO - helper 11188 Redirected: ftp.fau.de
2026-04-25 14:20:15,005 - aqt.installer - INFO - installer 11188 Finished installation of d3dcompiler_47-x64.7z in 2.69580370
2026-04-25 14:20:15,032 - aqt.helper - DEBUG - helper 11188 Attempt to download checksum at https://download.qt.io/online/qtsdkrepository/windows_x86/desktop/qt6_683/qt6_683/qt.qt6.683.win64_msvc2022_64/6.8.3-0-202503201308opengl32sw-64-mesa_11_2_2-signed_sha256.7z.sha256
2026-04-25 14:20:15,744 - aqt.helper - INFO - helper 11188 Downloading opengl32sw...
2026-04-25 14:20:15,744 - aqt.installer - DEBUG - installer 11188 Download URL: https://download.qt.io/online/qtsdkrepository/windows_x86/desktop/qt6_683/qt6_683/qt.qt6.683.win64_msvc2022_64/6.8.3-0-202503201308opengl32sw-64-mesa_11_2_2-signed_sha256.7z
2026-04-25 14:20:16,325 - aqt.installer - INFO - installer 10472 Finished installation of qttools-Windows-Windows_11_23H2-MSVC2022-Windows-Windows_11_23H2-X86_64.7z in 8.12881310
2026-04-25 14:20:16,521 - aqt.helper - DEBUG - helper 11188 Asked to redirect(302) to: https://ftp.fau.de/qtproject/online/qtsdkrepository/windows_x86/desktop/qt6_683/qt6_683/qt.qt6.683.win64_msvc2022_64/6.8.3-0-202503201308opengl32sw-64-mesa_11_2_2-signed_sha256.7z
2026-04-25 14:20:16,522 - aqt.helper - INFO - helper 11188 Redirected: ftp.fau.de
2026-04-25 14:20:17,753 - aqt.installer - INFO - installer 9076 Finished installation of qtbase-Windows-Windows_11_23H2-MSVC2022-Windows-Windows_11_23H2-X86_64.7z in 12.20479340
2026-04-25 14:20:17,974 - aqt.installer - INFO - installer 11188 Finished installation of opengl32sw-64-mesa_11_2_2-signed_sha256.7z in 2.94738650
2026-04-25 14:20:39,871 - aqt.installer - INFO - installer 3248 Finished installation of qtdeclarative-Windows-Windows_11_23H2-MSVC2022-Windows-Windows_11_23H2-X86_64.7z in 31.86452160
2026-04-25 14:20:40,202 - aqt.updater - INFO - updater 1264 Patching C:\Qt\6.8.3\msvc2022_64\bin\qmake.exe
2026-04-25 14:20:40,208 - aqt.updater - INFO - updater 1264 Patching C:\Qt\6.8.3\msvc2022_64\lib\Qt6Charts.prl
2026-04-25 14:20:40,217 - aqt.updater - INFO - updater 1264 Patching C:\Qt\6.8.3\msvc2022_64\lib\Qt6Chartsd.prl
2026-04-25 14:20:40,225 - aqt.updater - INFO - updater 1264 Patching C:\Qt\6.8.3\msvc2022_64\lib\Qt6ChartsQml.prl
2026-04-25 14:20:40,234 - aqt.updater - INFO - updater 1264 Patching C:\Qt\6.8.3\msvc2022_64\lib\Qt6ChartsQmld.prl
2026-04-25 14:20:40,242 - aqt.updater - INFO - updater 1264 Patching C:\Qt\6.8.3\msvc2022_64\lib\Qt6Concurrent.prl
2026-04-25 14:20:40,251 - aqt.updater - INFO - updater 1264 Patching C:\Qt\6.8.3\msvc2022_64\lib\Qt6Concurrentd.prl
2026-04-25 14:20:40,259 - aqt.updater - INFO - updater 1264 Patching C:\Qt\6.8.3\msvc2022_64\lib\Qt6Core.prl
2026-04-25 14:20:40,267 - aqt.updater - INFO - updater 1264 Patching C:\Qt\6.8.3\msvc2022_64\lib\Qt6Cored.prl
2026-04-25 14:20:40,275 - aqt.updater - INFO - updater 1264 Patching C:\Qt\6.8.3\msvc2022_64\lib\Qt6DBus.prl
2026-04-25 14:20:40,283 - aqt.updater - INFO - updater 1264 Patching C:\Qt\6.8.3\msvc2022_64\lib\Qt6DBusd.prl
2026-04-25 14:20:40,291 - aqt.updater - INFO - updater 1264 Patching C:\Qt\6.8.3\msvc2022_64\lib\Qt6Designer.prl
2026-04-25 14:20:40,299 - aqt.updater - INFO - updater 1264 Patching C:\Qt\6.8.3\msvc2022_64\lib\Qt6DesignerComponents.prl
2026-04-25 14:20:40,307 - aqt.updater - INFO - updater 1264 Patching C:\Qt\6.8.3\msvc2022_64\lib\Qt6DesignerComponentsd.prl
2026-04-25 14:20:40,316 - aqt.updater - INFO - updater 1264 Patching C:\Qt\6.8.3\msvc2022_64\lib\Qt6Designerd.prl
2026-04-25 14:20:40,324 - aqt.updater - INFO - updater 1264 Patching C:\Qt\6.8.3\msvc2022_64\lib\Qt6DeviceDiscoverySupport.prl
2026-04-25 14:20:40,332 - aqt.updater - INFO - updater 1264 Patching C:\Qt\6.8.3\msvc2022_64\lib\Qt6DeviceDiscoverySupportd.prl
2026-04-25 14:20:40,340 - aqt.updater - INFO - updater 1264 Patching C:\Qt\6.8.3\msvc2022_64\lib\Qt6EntryPoint.prl
2026-04-25 14:20:40,349 - aqt.updater - INFO - updater 1264 Patching C:\Qt\6.8.3\msvc2022_64\lib\Qt6EntryPointd.prl
2026-04-25 14:20:40,357 - aqt.updater - INFO - updater 1264 Patching C:\Qt\6.8.3\msvc2022_64\lib\Qt6ExampleIcons.prl
2026-04-25 14:20:40,367 - aqt.updater - INFO - updater 1264 Patching C:\Qt\6.8.3\msvc2022_64\lib\Qt6ExampleIconsd.prl
2026-04-25 14:20:40,375 - aqt.updater - INFO - updater 1264 Patching C:\Qt\6.8.3\msvc2022_64\lib\Qt6ExamplesAssetDownloader.prl
2026-04-25 14:20:40,383 - aqt.updater - INFO - updater 1264 Patching C:\Qt\6.8.3\msvc2022_64\lib\Qt6ExamplesAssetDownloaderd.prl
2026-04-25 14:20:40,391 - aqt.updater - INFO - updater 1264 Patching C:\Qt\6.8.3\msvc2022_64\lib\Qt6FbSupport.prl
2026-04-25 14:20:40,400 - aqt.updater - INFO - updater 1264 Patching C:\Qt\6.8.3\msvc2022_64\lib\Qt6FbSupportd.prl
2026-04-25 14:20:40,407 - aqt.updater - INFO - updater 1264 Patching C:\Qt\6.8.3\msvc2022_64\lib\Qt6Gui.prl
2026-04-25 14:20:40,416 - aqt.updater - INFO - updater 1264 Patching C:\Qt\6.8.3\msvc2022_64\lib\Qt6Guid.prl
2026-04-25 14:20:40,423 - aqt.updater - INFO - updater 1264 Patching C:\Qt\6.8.3\msvc2022_64\lib\Qt6Help.prl
2026-04-25 14:20:40,432 - aqt.updater - INFO - updater 1264 Patching C:\Qt\6.8.3\msvc2022_64\lib\Qt6Helpd.prl
2026-04-25 14:20:40,439 - aqt.updater - INFO - updater 1264 Patching C:\Qt\6.8.3\msvc2022_64\lib\Qt6LabsAnimation.prl
2026-04-25 14:20:40,450 - aqt.updater - INFO - updater 1264 Patching C:\Qt\6.8.3\msvc2022_64\lib\Qt6LabsAnimationd.prl
2026-04-25 14:20:40,458 - aqt.updater - INFO - updater 1264 Patching C:\Qt\6.8.3\msvc2022_64\lib\Qt6LabsFolderListModel.prl
2026-04-25 14:20:40,466 - aqt.updater - INFO - updater 1264 Patching C:\Qt\6.8.3\msvc2022_64\lib\Qt6LabsFolderListModeld.prl
2026-04-25 14:20:40,474 - aqt.updater - INFO - updater 1264 Patching C:\Qt\6.8.3\msvc2022_64\lib\Qt6LabsPlatform.prl
2026-04-25 14:20:40,483 - aqt.updater - INFO - updater 1264 Patching C:\Qt\6.8.3\msvc2022_64\lib\Qt6LabsPlatformd.prl
2026-04-25 14:20:40,492 - aqt.updater - INFO - updater 1264 Patching C:\Qt\6.8.3\msvc2022_64\lib\Qt6LabsQmlModels.prl
2026-04-25 14:20:40,502 - aqt.updater - INFO - updater 1264 Patching C:\Qt\6.8.3\msvc2022_64\lib\Qt6LabsQmlModelsd.prl
2026-04-25 14:20:40,509 - aqt.updater - INFO - updater 1264 Patching C:\Qt\6.8.3\msvc2022_64\lib\Qt6LabsSettings.prl
2026-04-25 14:20:40,517 - aqt.updater - INFO - updater 1264 Patching C:\Qt\6.8.3\msvc2022_64\lib\Qt6LabsSettingsd.prl
2026-04-25 14:20:40,525 - aqt.updater - INFO - updater 1264 Patching C:\Qt\6.8.3\msvc2022_64\lib\Qt6LabsSharedImage.prl
2026-04-25 14:20:40,533 - aqt.updater - INFO - updater 1264 Patching C:\Qt\6.8.3\msvc2022_64\lib\Qt6LabsSharedImaged.prl
2026-04-25 14:20:40,541 - aqt.updater - INFO - updater 1264 Patching C:\Qt\6.8.3\msvc2022_64\lib\Qt6LabsWavefrontMesh.prl
2026-04-25 14:20:40,549 - aqt.updater - INFO - updater 1264 Patching C:\Qt\6.8.3\msvc2022_64\lib\Qt6LabsWavefrontMeshd.prl
2026-04-25 14:20:40,557 - aqt.updater - INFO - updater 1264 Patching C:\Qt\6.8.3\msvc2022_64\lib\Qt6Network.prl
2026-04-25 14:20:40,565 - aqt.updater - INFO - updater 1264 Patching C:\Qt\6.8.3\msvc2022_64\lib\Qt6Networkd.prl
2026-04-25 14:20:40,573 - aqt.updater - INFO - updater 1264 Patching C:\Qt\6.8.3\msvc2022_64\lib\Qt6OpenGL.prl
2026-04-25 14:20:40,581 - aqt.updater - INFO - updater 1264 Patching C:\Qt\6.8.3\msvc2022_64\lib\Qt6OpenGLd.prl
2026-04-25 14:20:40,589 - aqt.updater - INFO - updater 1264 Patching C:\Qt\6.8.3\msvc2022_64\lib\Qt6OpenGLWidgets.prl
2026-04-25 14:20:40,597 - aqt.updater - INFO - updater 1264 Patching C:\Qt\6.8.3\msvc2022_64\lib\Qt6OpenGLWidgetsd.prl
2026-04-25 14:20:40,605 - aqt.updater - INFO - updater 1264 Patching C:\Qt\6.8.3\msvc2022_64\lib\Qt6PacketProtocol.prl
2026-04-25 14:20:40,613 - aqt.updater - INFO - updater 1264 Patching C:\Qt\6.8.3\msvc2022_64\lib\Qt6PacketProtocold.prl
2026-04-25 14:20:40,621 - aqt.updater - INFO - updater 1264 Patching C:\Qt\6.8.3\msvc2022_64\lib\Qt6PrintSupport.prl
2026-04-25 14:20:40,630 - aqt.updater - INFO - updater 1264 Patching C:\Qt\6.8.3\msvc2022_64\lib\Qt6PrintSupportd.prl
2026-04-25 14:20:40,638 - aqt.updater - INFO - updater 1264 Patching C:\Qt\6.8.3\msvc2022_64\lib\Qt6Qml.prl
2026-04-25 14:20:40,646 - aqt.updater - INFO - updater 1264 Patching C:\Qt\6.8.3\msvc2022_64\lib\Qt6QmlAssetDownloader.prl
2026-04-25 14:20:40,655 - aqt.updater - INFO - updater 1264 Patching C:\Qt\6.8.3\msvc2022_64\lib\Qt6QmlAssetDownloaderd.prl
2026-04-25 14:20:40,664 - aqt.updater - INFO - updater 1264 Patching C:\Qt\6.8.3\msvc2022_64\lib\Qt6QmlCompiler.prl
2026-04-25 14:20:40,673 - aqt.updater - INFO - updater 1264 Patching C:\Qt\6.8.3\msvc2022_64\lib\Qt6QmlCompilerd.prl
2026-04-25 14:20:40,681 - aqt.updater - INFO - updater 1264 Patching C:\Qt\6.8.3\msvc2022_64\lib\Qt6QmlCore.prl
2026-04-25 14:20:40,689 - aqt.updater - INFO - updater 1264 Patching C:\Qt\6.8.3\msvc2022_64\lib\Qt6QmlCored.prl
2026-04-25 14:20:40,697 - aqt.updater - INFO - updater 1264 Patching C:\Qt\6.8.3\msvc2022_64\lib\Qt6Qmld.prl
2026-04-25 14:20:40,705 - aqt.updater - INFO - updater 1264 Patching C:\Qt\6.8.3\msvc2022_64\lib\Qt6QmlDebug.prl
2026-04-25 14:20:40,713 - aqt.updater - INFO - updater 1264 Patching C:\Qt\6.8.3\msvc2022_64\lib\Qt6QmlDebugd.prl
2026-04-25 14:20:40,721 - aqt.updater - INFO - updater 1264 Patching C:\Qt\6.8.3\msvc2022_64\lib\Qt6QmlDom.prl
2026-04-25 14:20:40,729 - aqt.updater - INFO - updater 1264 Patching C:\Qt\6.8.3\msvc2022_64\lib\Qt6QmlDomd.prl
2026-04-25 14:20:40,738 - aqt.updater - INFO - updater 1264 Patching C:\Qt\6.8.3\msvc2022_64\lib\Qt6QmlLocalStorage.prl
2026-04-25 14:20:40,747 - aqt.updater - INFO - updater 1264 Patching C:\Qt\6.8.3\msvc2022_64\lib\Qt6QmlLocalStoraged.prl
2026-04-25 14:20:40,757 - aqt.updater - INFO - updater 1264 Patching C:\Qt\6.8.3\msvc2022_64\lib\Qt6QmlLS.prl
2026-04-25 14:20:40,766 - aqt.updater - INFO - updater 1264 Patching C:\Qt\6.8.3\msvc2022_64\lib\Qt6QmlLSd.prl
2026-04-25 14:20:40,774 - aqt.updater - INFO - updater 1264 Patching C:\Qt\6.8.3\msvc2022_64\lib\Qt6QmlMeta.prl
2026-04-25 14:20:40,782 - aqt.updater - INFO - updater 1264 Patching C:\Qt\6.8.3\msvc2022_64\lib\Qt6QmlMetad.prl
2026-04-25 14:20:40,792 - aqt.updater - INFO - updater 1264 Patching C:\Qt\6.8.3\msvc2022_64\lib\Qt6QmlModels.prl
2026-04-25 14:20:40,801 - aqt.updater - INFO - updater 1264 Patching C:\Qt\6.8.3\msvc2022_64\lib\Qt6QmlModelsd.prl
2026-04-25 14:20:40,814 - aqt.updater - INFO - updater 1264 Patching C:\Qt\6.8.3\msvc2022_64\lib\Qt6QmlNetwork.prl
2026-04-25 14:20:40,826 - aqt.updater - INFO - updater 1264 Patching C:\Qt\6.8.3\msvc2022_64\lib\Qt6QmlNetworkd.prl
2026-04-25 14:20:40,837 - aqt.updater - INFO - updater 1264 Patching C:\Qt\6.8.3\msvc2022_64\lib\Qt6QmlToolingSettings.prl
2026-04-25 14:20:40,849 - aqt.updater - INFO - updater 1264 Patching C:\Qt\6.8.3\msvc2022_64\lib\Qt6QmlToolingSettingsd.prl
2026-04-25 14:20:40,859 - aqt.updater - INFO - updater 1264 Patching C:\Qt\6.8.3\msvc2022_64\lib\Qt6QmlTypeRegistrar.prl
2026-04-25 14:20:40,868 - aqt.updater - INFO - updater 1264 Patching C:\Qt\6.8.3\msvc2022_64\lib\Qt6QmlTypeRegistrard.prl
2026-04-25 14:20:40,876 - aqt.updater - INFO - updater 1264 Patching C:\Qt\6.8.3\msvc2022_64\lib\Qt6QmlWorkerScript.prl
2026-04-25 14:20:40,884 - aqt.updater - INFO - updater 1264 Patching C:\Qt\6.8.3\msvc2022_64\lib\Qt6QmlWorkerScriptd.prl
2026-04-25 14:20:40,892 - aqt.updater - INFO - updater 1264 Patching C:\Qt\6.8.3\msvc2022_64\lib\Qt6QmlXmlListModel.prl
2026-04-25 14:20:40,900 - aqt.updater - INFO - updater 1264 Patching C:\Qt\6.8.3\msvc2022_64\lib\Qt6QmlXmlListModeld.prl
2026-04-25 14:20:40,908 - aqt.updater - INFO - updater 1264 Patching C:\Qt\6.8.3\msvc2022_64\lib\Qt6Quick.prl
2026-04-25 14:20:40,916 - aqt.updater - INFO - updater 1264 Patching C:\Qt\6.8.3\msvc2022_64\lib\Qt6QuickControls2.prl
2026-04-25 14:20:40,923 - aqt.updater - INFO - updater 1264 Patching C:\Qt\6.8.3\msvc2022_64\lib\Qt6QuickControls2Basic.prl
2026-04-25 14:20:40,932 - aqt.updater - INFO - updater 1264 Patching C:\Qt\6.8.3\msvc2022_64\lib\Qt6QuickControls2Basicd.prl
2026-04-25 14:20:40,939 - aqt.updater - INFO - updater 1264 Patching C:\Qt\6.8.3\msvc2022_64\lib\Qt6QuickControls2BasicStyleImpl.prl
2026-04-25 14:20:40,947 - aqt.updater - INFO - updater 1264 Patching C:\Qt\6.8.3\msvc2022_64\lib\Qt6QuickControls2BasicStyleImpld.prl
2026-04-25 14:20:40,955 - aqt.updater - INFO - updater 1264 Patching C:\Qt\6.8.3\msvc2022_64\lib\Qt6QuickControls2d.prl
2026-04-25 14:20:40,962 - aqt.updater - INFO - updater 1264 Patching C:\Qt\6.8.3\msvc2022_64\lib\Qt6QuickControls2FluentWinUI3StyleImpl.prl
2026-04-25 14:20:40,971 - aqt.updater - INFO - updater 1264 Patching C:\Qt\6.8.3\msvc2022_64\lib\Qt6QuickControls2FluentWinUI3StyleImpld.prl
2026-04-25 14:20:40,978 - aqt.updater - INFO - updater 1264 Patching C:\Qt\6.8.3\msvc2022_64\lib\Qt6QuickControls2Fusion.prl
2026-04-25 14:20:40,986 - aqt.updater - INFO - updater 1264 Patching C:\Qt\6.8.3\msvc2022_64\lib\Qt6QuickControls2Fusiond.prl
2026-04-25 14:20:40,994 - aqt.updater - INFO - updater 1264 Patching C:\Qt\6.8.3\msvc2022_64\lib\Qt6QuickControls2FusionStyleImpl.prl
2026-04-25 14:20:41,002 - aqt.updater - INFO - updater 1264 Patching C:\Qt\6.8.3\msvc2022_64\lib\Qt6QuickControls2FusionStyleImpld.prl
2026-04-25 14:20:41,010 - aqt.updater - INFO - updater 1264 Patching C:\Qt\6.8.3\msvc2022_64\lib\Qt6QuickControls2Imagine.prl
2026-04-25 14:20:41,018 - aqt.updater - INFO - updater 1264 Patching C:\Qt\6.8.3\msvc2022_64\lib\Qt6QuickControls2Imagined.prl
2026-04-25 14:20:41,026 - aqt.updater - INFO - updater 1264 Patching C:\Qt\6.8.3\msvc2022_64\lib\Qt6QuickControls2ImagineStyleImpl.prl
2026-04-25 14:20:41,034 - aqt.updater - INFO - updater 1264 Patching C:\Qt\6.8.3\msvc2022_64\lib\Qt6QuickControls2ImagineStyleImpld.prl
2026-04-25 14:20:41,042 - aqt.updater - INFO - updater 1264 Patching C:\Qt\6.8.3\msvc2022_64\lib\Qt6QuickControls2Impl.prl
2026-04-25 14:20:41,050 - aqt.updater - INFO - updater 1264 Patching C:\Qt\6.8.3\msvc2022_64\lib\Qt6QuickControls2Impld.prl
2026-04-25 14:20:41,058 - aqt.updater - INFO - updater 1264 Patching C:\Qt\6.8.3\msvc2022_64\lib\Qt6QuickControls2Material.prl
2026-04-25 14:20:41,066 - aqt.updater - INFO - updater 1264 Patching C:\Qt\6.8.3\msvc2022_64\lib\Qt6QuickControls2Materiald.prl
2026-04-25 14:20:41,073 - aqt.updater - INFO - updater 1264 Patching C:\Qt\6.8.3\msvc2022_64\lib\Qt6QuickControls2MaterialStyleImpl.prl
2026-04-25 14:20:41,082 - aqt.updater - INFO - updater 1264 Patching C:\Qt\6.8.3\msvc2022_64\lib\Qt6QuickControls2MaterialStyleImpld.prl
2026-04-25 14:20:41,089 - aqt.updater - INFO - updater 1264 Patching C:\Qt\6.8.3\msvc2022_64\lib\Qt6QuickControls2Universal.prl
2026-04-25 14:20:41,097 - aqt.updater - INFO - updater 1264 Patching C:\Qt\6.8.3\msvc2022_64\lib\Qt6QuickControls2Universald.prl
2026-04-25 14:20:41,105 - aqt.updater - INFO - updater 1264 Patching C:\Qt\6.8.3\msvc2022_64\lib\Qt6QuickControls2UniversalStyleImpl.prl
2026-04-25 14:20:41,113 - aqt.updater - INFO - updater 1264 Patching C:\Qt\6.8.3\msvc2022_64\lib\Qt6QuickControls2UniversalStyleImpld.prl
2026-04-25 14:20:41,121 - aqt.updater - INFO - updater 1264 Patching C:\Qt\6.8.3\msvc2022_64\lib\Qt6QuickControls2WindowsStyleImpl.prl
2026-04-25 14:20:41,129 - aqt.updater - INFO - updater 1264 Patching C:\Qt\6.8.3\msvc2022_64\lib\Qt6QuickControls2WindowsStyleImpld.prl
2026-04-25 14:20:41,137 - aqt.updater - INFO - updater 1264 Patching C:\Qt\6.8.3\msvc2022_64\lib\Qt6QuickControlsTestUtils.prl
2026-04-25 14:20:41,146 - aqt.updater - INFO - updater 1264 Patching C:\Qt\6.8.3\msvc2022_64\lib\Qt6QuickControlsTestUtilsd.prl
2026-04-25 14:20:41,155 - aqt.updater - INFO - updater 1264 Patching C:\Qt\6.8.3\msvc2022_64\lib\Qt6Quickd.prl
2026-04-25 14:20:41,163 - aqt.updater - INFO - updater 1264 Patching C:\Qt\6.8.3\msvc2022_64\lib\Qt6QuickDialogs2.prl
2026-04-25 14:20:41,171 - aqt.updater - INFO - updater 1264 Patching C:\Qt\6.8.3\msvc2022_64\lib\Qt6QuickDialogs2d.prl
2026-04-25 14:20:41,180 - aqt.updater - INFO - updater 1264 Patching C:\Qt\6.8.3\msvc2022_64\lib\Qt6QuickDialogs2QuickImpl.prl
2026-04-25 14:20:41,188 - aqt.updater - INFO - updater 1264 Patching C:\Qt\6.8.3\msvc2022_64\lib\Qt6QuickDialogs2QuickImpld.prl
2026-04-25 14:20:41,196 - aqt.updater - INFO - updater 1264 Patching C:\Qt\6.8.3\msvc2022_64\lib\Qt6QuickDialogs2Utils.prl
2026-04-25 14:20:41,204 - aqt.updater - INFO - updater 1264 Patching C:\Qt\6.8.3\msvc2022_64\lib\Qt6QuickDialogs2Utilsd.prl
2026-04-25 14:20:41,212 - aqt.updater - INFO - updater 1264 Patching C:\Qt\6.8.3\msvc2022_64\lib\Qt6QuickEffects.prl
2026-04-25 14:20:41,220 - aqt.updater - INFO - updater 1264 Patching C:\Qt\6.8.3\msvc2022_64\lib\Qt6QuickEffectsd.prl
2026-04-25 14:20:41,228 - aqt.updater - INFO - updater 1264 Patching C:\Qt\6.8.3\msvc2022_64\lib\Qt6QuickLayouts.prl
2026-04-25 14:20:41,236 - aqt.updater - INFO - updater 1264 Patching C:\Qt\6.8.3\msvc2022_64\lib\Qt6QuickLayoutsd.prl
2026-04-25 14:20:41,244 - aqt.updater - INFO - updater 1264 Patching C:\Qt\6.8.3\msvc2022_64\lib\Qt6QuickParticles.prl
2026-04-25 14:20:41,252 - aqt.updater - INFO - updater 1264 Patching C:\Qt\6.8.3\msvc2022_64\lib\Qt6QuickParticlesd.prl
2026-04-25 14:20:41,260 - aqt.updater - INFO - updater 1264 Patching C:\Qt\6.8.3\msvc2022_64\lib\Qt6QuickShapes.prl
2026-04-25 14:20:41,268 - aqt.updater - INFO - updater 1264 Patching C:\Qt\6.8.3\msvc2022_64\lib\Qt6QuickShapesd.prl
2026-04-25 14:20:41,276 - aqt.updater - INFO - updater 1264 Patching C:\Qt\6.8.3\msvc2022_64\lib\Qt6QuickTemplates2.prl
2026-04-25 14:20:41,284 - aqt.updater - INFO - updater 1264 Patching C:\Qt\6.8.3\msvc2022_64\lib\Qt6QuickTemplates2d.prl
2026-04-25 14:20:41,292 - aqt.updater - INFO - updater 1264 Patching C:\Qt\6.8.3\msvc2022_64\lib\Qt6QuickTest.prl
2026-04-25 14:20:41,300 - aqt.updater - INFO - updater 1264 Patching C:\Qt\6.8.3\msvc2022_64\lib\Qt6QuickTestd.prl
2026-04-25 14:20:41,308 - aqt.updater - INFO - updater 1264 Patching C:\Qt\6.8.3\msvc2022_64\lib\Qt6QuickTestUtils.prl
2026-04-25 14:20:41,317 - aqt.updater - INFO - updater 1264 Patching C:\Qt\6.8.3\msvc2022_64\lib\Qt6QuickTestUtilsd.prl
2026-04-25 14:20:41,325 - aqt.updater - INFO - updater 1264 Patching C:\Qt\6.8.3\msvc2022_64\lib\Qt6QuickVectorImage.prl
2026-04-25 14:20:41,334 - aqt.updater - INFO - updater 1264 Patching C:\Qt\6.8.3\msvc2022_64\lib\Qt6QuickVectorImaged.prl
2026-04-25 14:20:41,341 - aqt.updater - INFO - updater 1264 Patching C:\Qt\6.8.3\msvc2022_64\lib\Qt6QuickVectorImageGenerator.prl
2026-04-25 14:20:41,350 - aqt.updater - INFO - updater 1264 Patching C:\Qt\6.8.3\msvc2022_64\lib\Qt6QuickVectorImageGeneratord.prl
2026-04-25 14:20:41,357 - aqt.updater - INFO - updater 1264 Patching C:\Qt\6.8.3\msvc2022_64\lib\Qt6QuickWidgets.prl
2026-04-25 14:20:41,365 - aqt.updater - INFO - updater 1264 Patching C:\Qt\6.8.3\msvc2022_64\lib\Qt6QuickWidgetsd.prl
2026-04-25 14:20:41,374 - aqt.updater - INFO - updater 1264 Patching C:\Qt\6.8.3\msvc2022_64\lib\Qt6SerialPort.prl
2026-04-25 14:20:41,382 - aqt.updater - INFO - updater 1264 Patching C:\Qt\6.8.3\msvc2022_64\lib\Qt6SerialPortd.prl
2026-04-25 14:20:41,390 - aqt.updater - INFO - updater 1264 Patching C:\Qt\6.8.3\msvc2022_64\lib\Qt6Sql.prl
2026-04-25 14:20:41,398 - aqt.updater - INFO - updater 1264 Patching C:\Qt\6.8.3\msvc2022_64\lib\Qt6Sqld.prl
2026-04-25 14:20:41,406 - aqt.updater - INFO - updater 1264 Patching C:\Qt\6.8.3\msvc2022_64\lib\Qt6Svg.prl
2026-04-25 14:20:41,414 - aqt.updater - INFO - updater 1264 Patching C:\Qt\6.8.3\msvc2022_64\lib\Qt6Svgd.prl
2026-04-25 14:20:41,421 - aqt.updater - INFO - updater 1264 Patching C:\Qt\6.8.3\msvc2022_64\lib\Qt6SvgWidgets.prl
2026-04-25 14:20:41,430 - aqt.updater - INFO - updater 1264 Patching C:\Qt\6.8.3\msvc2022_64\lib\Qt6SvgWidgetsd.prl
2026-04-25 14:20:41,437 - aqt.updater - INFO - updater 1264 Patching C:\Qt\6.8.3\msvc2022_64\lib\Qt6Test.prl
2026-04-25 14:20:41,446 - aqt.updater - INFO - updater 1264 Patching C:\Qt\6.8.3\msvc2022_64\lib\Qt6Testd.prl
2026-04-25 14:20:41,454 - aqt.updater - INFO - updater 1264 Patching C:\Qt\6.8.3\msvc2022_64\lib\Qt6UiTools.prl
2026-04-25 14:20:41,462 - aqt.updater - INFO - updater 1264 Patching C:\Qt\6.8.3\msvc2022_64\lib\Qt6UiToolsd.prl
2026-04-25 14:20:41,470 - aqt.updater - INFO - updater 1264 Patching C:\Qt\6.8.3\msvc2022_64\lib\Qt6Widgets.prl
2026-04-25 14:20:41,478 - aqt.updater - INFO - updater 1264 Patching C:\Qt\6.8.3\msvc2022_64\lib\Qt6Widgetsd.prl
2026-04-25 14:20:41,486 - aqt.updater - INFO - updater 1264 Patching C:\Qt\6.8.3\msvc2022_64\lib\Qt6Xml.prl
2026-04-25 14:20:41,495 - aqt.updater - INFO - updater 1264 Patching C:\Qt\6.8.3\msvc2022_64\lib\Qt6Xmld.prl
2026-04-25 14:20:41,504 - aqt.main - INFO - installer 1264 Finished installation
2026-04-25 14:20:41,504 - aqt.main - INFO - installer 1264 Time elapsed: 41.06391700 second
